<?xml version="1.0" encoding="utf-8"?><testsuites name="pytest tests"><testsuite name="pytest" errors="0" failures="0" skipped="2" tests="57" time="5.033" timestamp="2025-09-08T07:42:39.829254-05:00" hostname="AMAGYW306207P"><testcase classname="tests.test_a2a_envelope" name="test_sign_verify" time="0.001" /><testcase classname="tests.test_a2a_envelope" name="test_replay_nonce" time="0.001" /><testcase classname="tests.test_agent_math" name="test_agent_math_success" time="0.012" /><testcase classname="tests.test_agent_math" name="test_agent_math_forbidden" time="0.001" /><testcase classname="tests.test_gateway_smoke" name="test_gateway_smoke" time="0.016" /><testcase classname="tests.test_mcp_server_client" name="test_mcp_roundtrip" time="0.000" /><testcase classname="tests.test_mcp_server_client" name="test_mcp_replay" time="0.000" /><testcase classname="tests.test_models" name="test_mock_adapter" time="0.001" /><testcase classname="tests.test_models" name="test_model_router" time="0.000" /><testcase classname="tests.test_models" name="test_math_evaluation" time="0.001" /><testcase classname="tests.test_security_auth" name="test_auth_api_key" time="0.002" /><testcase classname="tests.test_security_auth" name="test_auth_jwt_bad_signature" time="0.002" /><testcase classname="tests.test_security_guardrails" name="test_deny_phrase" time="0.003" /><testcase classname="tests.test_security_guardrails" name="test_pii_redact" time="0.004" /><testcase classname="tests.test_security_ratelimit" name="test_ratelimit" time="0.004" /><testcase classname="tests.test_security_rbac" name="test_rbac_forbidden" time="0.003" /><testcase classname="tests.unit.test_agents.TestBaseAgent" name="test_agent_creation" time="0.000" /><testcase classname="tests.unit.test_agents.TestBaseAgent" name="test_agent_with_capabilities" time="0.000" /><testcase classname="tests.unit.test_agents.TestBaseAgent" name="test_agent_initialization" time="0.000"><skipped type="pytest.skip" message="Complex Redis mocking - covered by integration tests">/Users/damon.mcdougald/conductor/weaver.ai/.conductor/fix-github-actions/tests/unit/test_agents.py:54: Complex Redis mocking - covered by integration tests</skipped></testcase><testcase classname="tests.unit.test_agents.TestBaseAgent" name="test_can_process" time="0.002" /><testcase classname="tests.unit.test_agents.TestBaseAgent" name="test_process_not_implemented" time="0.001" /><testcase classname="tests.unit.test_agents.TestAgentDecorator" name="test_simple_agent_decorator" time="0.001" /><testcase classname="tests.unit.test_agents.TestAgentDecorator" name="test_agent_with_memory_strategy" time="0.001" /><testcase classname="tests.unit.test_agents.TestCapabilities" name="test_capability_creation" time="0.000" /><testcase classname="tests.unit.test_agents.TestCapabilities" name="test_capability_matching" time="0.000" /><testcase classname="tests.unit.test_agents.TestCapabilities" name="test_capability_matcher_coarse" time="0.000" /><testcase classname="tests.unit.test_agents.TestCapabilities" name="test_capability_matcher_scoring" time="0.000" /><testcase classname="tests.unit.test_agents.TestMemoryStrategies" name="test_default_strategy" time="0.000" /><testcase classname="tests.unit.test_agents.TestMemoryStrategies" name="test_analyst_strategy" time="0.000" /><testcase classname="tests.unit.test_agents.TestMemoryStrategies" name="test_coordinator_strategy" time="0.000" /><testcase classname="tests.unit.test_agents.TestMemoryStrategies" name="test_minimal_strategy" time="0.000" /><testcase classname="tests.unit.test_agents.TestAgentIntegration" name="test_agent_with_custom_process" time="0.002" /><testcase classname="tests.unit.test_agents.TestAgentIntegration" name="test_agent_memory_operations" time="0.004" /><testcase classname="tests.unit.test_event_mesh.TestEventMesh" name="test_publish_valid_event" time="0.001" /><testcase classname="tests.unit.test_event_mesh.TestEventMesh" name="test_publish_with_metadata" time="0.001" /><testcase classname="tests.unit.test_event_mesh.TestEventMesh" name="test_publish_type_mismatch" time="0.001" /><testcase classname="tests.unit.test_event_mesh.TestEventMesh" name="test_subscribe_single_type" time="0.103" /><testcase classname="tests.unit.test_event_mesh.TestEventMesh" name="test_subscribe_multiple_types" time="0.112" /><testcase classname="tests.unit.test_event_mesh.TestEventMesh" name="test_multiple_subscribers" time="0.106" /><testcase classname="tests.unit.test_event_mesh.TestEventMesh" name="test_access_control" time="0.304" /><testcase classname="tests.unit.test_event_mesh.TestEventMesh" name="test_role_based_access" time="0.305" /><testcase classname="tests.unit.test_event_mesh.TestEventMesh" name="test_event_history" time="0.002" /><testcase classname="tests.unit.test_event_mesh.TestEventMesh" name="test_concurrent_publish" time="0.002" /><testcase classname="tests.unit.test_event_mesh.TestEventMesh" name="test_subscription_cleanup" time="0.000"><skipped type="pytest.skip" message="Subscription cleanup needs fix - causes timeout issues in CI">/Users/damon.mcdougald/conductor/weaver.ai/.conductor/fix-github-actions/tests/unit/test_event_mesh.py:302: Subscription cleanup needs fix - causes timeout issues in CI</skipped></testcase><testcase classname="tests.unit.test_redis_components.TestRedisEventMesh" name="test_mesh_connection" time="0.001" /><testcase classname="tests.unit.test_redis_components.TestRedisEventMesh" name="test_publish_event" time="0.002" /><testcase classname="tests.unit.test_redis_components.TestRedisEventMesh" name="test_publish_with_ttl" time="0.003" /><testcase classname="tests.unit.test_redis_components.TestRedisEventMesh" name="test_publish_task" time="0.002" /><testcase classname="tests.unit.test_redis_components.TestRedisEventMesh" name="test_pattern_to_channel_conversion" time="0.002" /><testcase classname="tests.unit.test_redis_components.TestWorkQueue" name="test_push_task" time="0.001" /><testcase classname="tests.unit.test_redis_components.TestWorkQueue" name="test_pop_task" time="0.010" /><testcase classname="tests.unit.test_redis_components.TestWorkQueue" name="test_requeue_task" time="0.005" /><testcase classname="tests.unit.test_redis_components.TestWorkQueue" name="test_dead_letter_queue" time="0.002" /><testcase classname="tests.unit.test_redis_components.TestRedisAgentRegistry" name="test_register_agent" time="0.002" /><testcase classname="tests.unit.test_redis_components.TestRedisAgentRegistry" name="test_find_capable_agents" time="0.002" /><testcase classname="tests.unit.test_redis_components.TestRedisAgentRegistry" name="test_heartbeat" time="0.002" /><testcase classname="tests.unit.test_redis_components.TestRedisAgentRegistry" name="test_is_online" time="0.002" /></testsuite></testsuites>